
--- STDERR ---
301 INFO: PyInstaller: 6.21.0, contrib hooks: 2026.6
301 INFO: Python: 3.11.15
324 INFO: Platform: Windows-10-10.0.19045-SP0
324 INFO: Python environment: C:\Users\break\AppData\Local\hermes\hermes-agent\venv
329 INFO: wrote .\PerplexityExporter.spec
317 WARNING: Failed to collect submodules for 'webview.platforms.android' because importing 'webview.platforms.android' raised: ModuleNotFoundError: No module named 'android'
4640 INFO: Module search paths (PYTHONPATH):
['c:\\Users\\break\\PerplexityExporter',
 'C:\\Users\\break\\AppData\\Local\\Temp\\hermes_sandbox_p6tsussf',
 'C:\\Users\\break\\AppData\\Local\\hermes\\hermes-agent',
 'C:\\Users\\break\\AppData\\Roaming\\uv\\python\\cpython-3.11-windows-x86_64-none\\python311.zip',
 'C:\\Users\\break\\AppData\\Roaming\\uv\\python\\cpython-3.11-windows-x86_64-none\\DLLs',
 'C:\\Users\\break\\AppData\\Roaming\\uv\\python\\cpython-3.11-windows-x86_64-none\\Lib',
 'C:\\Users\\break\\AppData\\Roaming\\uv\\python\\cpython-3.11-windows-x86_64-none',
 'C:\\Users\\break\\AppData\\Local\\hermes\\hermes-agent\\venv',
 'C:\\Users\\break\\AppData\\Local\\hermes\\hermes-agent\\venv\\Lib\\site-packages',
 '__editable__.hermes_agent-0.19.1.finder.__path_hook__',
 'C:\\Users\\break\\AppData\\Local\\hermes\\hermes-agent\\venv\\Lib\\site-packages\\win32',
 'C:\\Users\\break\\AppData\\Local\\hermes\\hermes-agent\\venv\\Lib\\site-packages\\win32\\lib',
 'C:\\Users\\break\\AppData\\Local\\hermes\\hermes-agent\\venv\\Lib\\site-packages\\Pythonwin',
 'c:\\Users\\break\\PerplexityExporter']
5811 INFO: Appending 'binaries' from .spec
5822 INFO: Appending 'datas' from .spec
5842 INFO: checking Analysis
5894 INFO: Building because inputs changed
5894 INFO: Looking for Python shared library...
5894 INFO: Using Python shared library: C:\Users\break\AppData\Roaming\uv\python\cpython-3.11-windows-x86_64-none\python311.dll
5894 INFO: Running Analysis Analysis-00.toc
5894 INFO: Target bytecode optimization level: 0
5894 INFO: Initializing module dependency graph...
5896 INFO: Initializing module graph hook caches...
5926 INFO: Analyzing modules for base_library.zip ...
7733 INFO: Processing standard module hook 'hook-heapq.py' from 'C:\\Users\\break\\AppData\\Local\\hermes\\hermes-agent\\venv\\Lib\\site-packages\\PyInstaller\\hooks'
7857 INFO: Processing standard module hook 'hook-encodings.py' from 'C:\\Users\\break\\AppData\\Local\\hermes\\hermes-agent\\venv\\Lib\\site-packages\\PyInstaller\\hooks'
10433 INFO: Processing standard module hook 'hook-math.py' from 'C:\\Users\\break\\AppData\\Local\\hermes\\hermes-agent\\venv\\Lib\\site-packages\\PyInstaller\\hooks'
10774 INFO: Processing standard module hook 'hook-pickle.py' from 'C:\\Users\\break\\AppData\\Local\\hermes\\hermes-agent\\venv\\Lib\\site-packages\\PyInstaller\\hooks'
13803 INFO: Caching module dependency graph...
13985 INFO: Analyzing c:\Users\break\PerplexityExporter\app.py
14702 INFO: Processing standard module hook 'hook-webbrowser.py' from 'C:\\Users\\break\\AppData\\Local\\hermes\\hermes-agent\\venv\\Lib\\site-packages\\PyInstaller\\hooks'
14727 INFO: Processing standard module hook 'hook-_ctypes.py' from 'C:\\Users\\break\\AppData\\Local\\hermes\\hermes-agent\\venv\\Lib\\site-packages\\PyInstaller\\hooks'
14956 INFO: Processing standard module hook 'hook-multiprocessing.util.py' from 'C:\\Users\\break\\AppData\\Local\\hermes\\hermes-agent\\venv\\Lib\\site-packages\\PyInstaller\\hooks'
15057 INFO: Processing standard module hook 'hook-xml.py' from 'C:\\Users\\break\\AppData\\Local\\hermes\\hermes-agent\\venv\\Lib\\site-packages\\PyInstaller\\hooks'
16190 INFO: Processing standard module hook 'hook-certifi.py' from 'C:\\Users\\break\\AppData\\Local\\hermes\\hermes-agent\\venv\\Lib\\site-packages\\_pyinstaller_hooks_contrib\\stdhooks'
16438 INFO: Processing pre-safe-import-module hook 'hook-typing_extensions.py' from 'C:\\Users\\break\\AppData\\Local\\hermes\\hermes-agent\\venv\\Lib\\site-packages\\PyInstaller\\hooks\\pre_safe_import_module'
16440 INFO: SetuptoolsInfo: initializing cached setuptools info...
18035 INFO: Processing standard module hook 'hook-sqlite3.py' from 'C:\\Users\\break\\AppData\\Local\\hermes\\hermes-agent\\venv\\Lib\\site-packages\\PyInstaller\\hooks'
18903 INFO: Processing standard module hook 'hook-cryptography.py' from 'C:\\Users\\break\\AppData\\Local\\hermes\\hermes-agent\\venv\\Lib\\site-packages\\_pyinstaller_hooks_contrib\\stdhooks'
21621 INFO: hook-cryptography: cryptography does not seem to be using dynamically linked OpenSSL.
21715 INFO: Processing standard module hook 'hook-clr.py' from 'C:\\Users\\break\\AppData\\Local\\hermes\\hermes-agent\\venv\\Lib\\site-packages\\pythonnet\\_pyinstaller'
21825 INFO: Processing standard module hook 'hook-clr_loader.py' from 'C:\\Users\\break\\AppData\\Local\\hermes\\hermes-agent\\venv\\Lib\\site-packages\\_pyinstaller_hooks_contrib\\stdhooks'
21944 INFO: Processing standard module hook 'hook-pycparser.py' from 'C:\\Users\\break\\AppData\\Local\\hermes\\hermes-agent\\venv\\Lib\\site-packages\\_pyinstaller_hooks_contrib\\stdhooks'
22086 INFO: Processing standard module hook 'hook-setuptools.py' from 'C:\\Users\\break\\AppData\\Local\\hermes\\hermes-agent\\venv\\Lib\\site-packages\\PyInstaller\\hooks'
22133 INFO: Processing standard module hook 'hook-platform.py' from 'C:\\Users\\break\\AppData\\Local\\hermes\\hermes-agent\\venv\\Lib\\site-packages\\PyInstaller\\hooks'
22136 INFO: Processing pre-safe-import-module hook 'hook-distutils.py' from 'C:\\Users\\break\\AppData\\Local\\hermes\\hermes-agent\\venv\\Lib\\site-packages\\PyInstaller\\hooks\\pre_safe_import_module'
22137 INFO: Processing pre-find-module-path hook 'hook-distutils.py' from 'C:\\Users\\break\\AppData\\Local\\hermes\\hermes-agent\\venv\\Lib\\site-packages\\PyInstaller\\hooks\\pre_find_module_path'
22984 INFO: Processing standard module hook 'hook-distutils.py' from 'C:\\Users\\break\\AppData\\Local\\hermes\\hermes-agent\\venv\\Lib\\site-packages\\PyInstaller\\hooks'
23018 INFO: Processing standard module hook 'hook-distutils.util.py' from 'C:\\Users\\break\\AppData\\Local\\hermes\\hermes-agent\\venv\\Lib\\site-packages\\PyInstaller\\hooks'
23072 INFO: Processing standard module hook 'hook-sysconfig.py' from 'C:\\Users\\break\\AppData\\Local\\hermes\\hermes-agent\\venv\\Lib\\site-packages\\PyInstaller\\hooks'
23151 INFO: Processing standard module hook 'hook-_osx_support.py' from 'C:\\Users\\break\\AppData\\Local\\hermes\\hermes-agent\\venv\\Lib\\site-packages\\PyInstaller\\hooks'
23179 INFO: Processing pre-safe-import-module hook 'hook-packaging.py' from 'C:\\Users\\break\\AppData\\Local\\hermes\\hermes-agent\\venv\\Lib\\site-packages\\PyInstaller\\hooks\\pre_safe_import_module'
23508 INFO: Processing pre-safe-import-module hook 'hook-jaraco.py' from 'C:\\Users\\break\\AppData\\Local\\hermes\\hermes-agent\\venv\\Lib\\site-packages\\PyInstaller\\hooks\\pre_safe_import_module'
23511 INFO: Setuptools: 'jaraco' appears to be a full setuptools-vendored copy - creating alias to 'setuptools._vendor.jaraco'!
23538 INFO: Processing standard module hook 'hook-setuptools._vendor.jaraco.text.py' from 'C:\\Users\\break\\AppData\\Local\\hermes\\hermes-agent\\venv\\Lib\\site-packages\\PyInstaller\\hooks'
23541 INFO: Processing pre-safe-import-module hook 'hook-importlib_resources.py' from 'C:\\Users\\break\\AppData\\Local\\hermes\\hermes-agent\\venv\\Lib\\site-packages\\PyInstaller\\hooks\\pre_safe_import_module'
23557 INFO: Processing pre-safe-import-module hook 'hook-backports.py' from 'C:\\Users\\break\\AppData\\Local\\hermes\\hermes-agent\\venv\\Lib\\site-packages\\PyInstaller\\hooks\\pre_safe_import_module'
23559 INFO: Setuptools: 'backports' appears to be a full setuptools-vendored copy - creating alias to 'setuptools._vendor.backports'!
23881 INFO: Processing pre-safe-import-module hook 'hook-more_itertools.py' from 'C:\\Users\\break\\AppData\\Local\\hermes\\hermes-agent\\venv\\Lib\\site-packages\\PyInstaller\\hooks\\pre_safe_import_module'
23884 INFO: Setuptools: 'more_itertools' appears to be a setuptools-vendored copy - creating alias to 'setuptools._vendor.more_itertools'!
24685 INFO: Processing pre-safe-import-module hook 'hook-tomli.py' from 'C:\\Users\\break\\AppData\\Local\\hermes\\hermes-agent\\venv\\Lib\\site-packages\\PyInstaller\\hooks\\pre_safe_import_module'
24686 INFO: Setuptools: 'tomli' appears to be a setuptools-vendored copy - creating alias to 'setuptools._vendor.tomli'!
25448 INFO: Processing pre-safe-import-module hook 'hook-wheel.py' from 'C:\\Users\\break\\AppData\\Local\\hermes\\hermes-agent\\venv\\Lib\\site-packages\\PyInstaller\\hooks\\pre_safe_import_module'
25452 INFO: Setuptools: 'wheel' appears to be a setuptools-vendored copy - creating alias to 'setuptools._vendor.wheel'!
26533 INFO: Processing standard module hook 'hook-xml.etree.cElementTree.py' from 'C:\\Users\\break\\AppData\\Local\\hermes\\hermes-agent\\venv\\Lib\\site-packages\\PyInstaller\\hooks'
26669 INFO: Processing standard module hook 'hook-webview.py' from 'C:\\Users\\break\\AppData\\Local\\hermes\\hermes-agent\\venv\\Lib\\site-packages\\webview\\__pyinstaller'
27812 INFO: Processing standard module hook 'hook-jinja2.py' from 'C:\\Users\\break\\AppData\\Local\\hermes\\hermes-agent\\venv\\Lib\\site-packages\\_pyinstaller_hooks_contrib\\stdhooks'
29567 INFO: Processing pre-safe-import-module hook 'hook-gi.py' from 'C:\\Users\\break\\AppData\\Local\\hermes\\hermes-agent\\venv\\Lib\\site-packages\\PyInstaller\\hooks\\pre_safe_import_module'
30220 INFO: Analyzing hidden import 'curl_cffi.__main__'
30297 INFO: Processing standard module hook 'hook-rich.py' from 'C:\\Users\\break\\AppData\\Local\\hermes\\hermes-agent\\venv\\Lib\\site-packages\\_pyinstaller_hooks_contrib\\stdhooks'
31745 INFO: Processing standard module hook 'hook-pygments.py' from 'C:\\Users\\break\\AppData\\Local\\hermes\\hermes-agent\\venv\\Lib\\site-packages\\PyInstaller\\hooks'
35329 INFO: Analyzing hidden import 'webview.__pyinstaller'
35330 INFO: Analyzing hidden import 'webview.__pyinstaller.hook-webview'
35366 INFO: Processing pre-safe-import-module hook 'hook-importlib_metadata.py' from 'C:\\Users\\break\\AppData\\Local\\hermes\\hermes-agent\\venv\\Lib\\site-packages\\PyInstaller\\hooks\\pre_safe_import_module'
35368 INFO: Setuptools: 'importlib_metadata' appears to be a setuptools-vendored copy - creating alias to 'setuptools._vendor.importlib_metadata'!
35393 INFO: Processing standard module hook 'hook-setuptools._vendor.importlib_metadata.py' from 'C:\\Users\\break\\AppData\\Local\\hermes\\hermes-agent\\venv\\Lib\\site-packages\\PyInstaller\\hooks'
35425 INFO: Processing pre-safe-import-module hook 'hook-zipp.py' from 'C:\\Users\\break\\AppData\\Local\\hermes\\hermes-agent\\venv\\Lib\\site-packages\\PyInstaller\\hooks\\pre_safe_import_module'
35426 INFO: Setuptools: 'zipp' appears to be a setuptools-vendored copy - creating alias to 'setuptools._vendor.zipp'!
35483 INFO: Processing standard module hook 'hook-win32ctypes.core.py' from 'C:\\Users\\break\\AppData\\Local\\hermes\\hermes-agent\\venv\\Lib\\site-packages\\PyInstaller\\hooks'
38140 INFO: Analyzing hidden import 'webview._version'
38141 INFO: Analyzing hidden import 'pythonnet._pyinstaller'
38142 INFO: Analyzing hidden import 'pythonnet._pyinstaller.hook-clr'
38143 INFO: Processing module hooks (post-graph stage)...
38144 WARNING: Hidden import "pycparser.lextab" not found!
38144 WARNING: Hidden import "pycparser.yacctab" not found!
38540 INFO: Processing standard module hook 'hook-PIL.py' from 'C:\\Users\\break\\AppData\\Local\\hermes\\hermes-agent\\venv\\Lib\\site-packages\\PyInstaller\\hooks'
38778 INFO: Processing standard module hook 'hook-PIL.Image.py' from 'C:\\Users\\break\\AppData\\Local\\hermes\\hermes-agent\\venv\\Lib\\site-packages\\PyInstaller\\hooks'
39382 INFO: Processing standard module hook 'hook-numpy.py' from 'C:\\Users\\break\\AppData\\Local\\hermes\\hermes-agent\\venv\\Lib\\site-packages\\PyInstaller\\hooks'
40359 INFO: Processing standard module hook 'hook-difflib.py' from 'C:\\Users\\break\\AppData\\Local\\hermes\\hermes-agent\\venv\\Lib\\site-packages\\PyInstaller\\hooks'
41488 INFO: Processing standard module hook 'hook-psutil.py' from 'C:\\Users\\break\\AppData\\Local\\hermes\\hermes-agent\\venv\\Lib\\site-packages\\_pyinstaller_hooks_contrib\\stdhooks'
43227 INFO: Processing standard module hook 'hook-charset_normalizer.py' from 'C:\\Users\\break\\AppData\\Local\\hermes\\hermes-agent\\venv\\Lib\\site-packages\\_pyinstaller_hooks_contrib\\stdhooks'
43787 INFO: Processing standard module hook 'hook-xml.dom.domreg.py' from 'C:\\Users\\break\\AppData\\Local\\hermes\\hermes-agent\\venv\\Lib\\site-packages\\PyInstaller\\hooks'
44351 INFO: Processing standard module hook 'hook-PIL.ImageFilter.py' from 'C:\\Users\\break\\AppData\\Local\\hermes\\hermes-agent\\venv\\Lib\\site-packages\\PyInstaller\\hooks'
49275 INFO: Processing standard module hook 'hook-PIL.SpiderImagePlugin.py' from 'C:\\Users\\break\\AppData\\Local\\hermes\\hermes-agent\\venv\\Lib\\site-packages\\PyInstaller\\hooks'
49405 INFO: Performing binary vs. data reclassification (242 entries)
49522 INFO: Looking for ctypes DLLs
49844 INFO: Analyzing run-time hooks ...
49855 INFO: Including run-time hook 'pyi_rth_inspect.py' from 'C:\\Users\\break\\AppData\\Local\\hermes\\hermes-agent\\venv\\Lib\\site-packages\\PyInstaller\\hooks\\rthooks'
49890 INFO: Including run-time hook 'pyi_rth_pkgutil.py' from 'C:\\Users\\break\\AppData\\Local\\hermes\\hermes-agent\\venv\\Lib\\site-packages\\PyInstaller\\hooks\\rthooks'
49892 INFO: Including run-time hook 'pyi_rth_setuptools.py' from 'C:\\Users\\break\\AppData\\Local\\hermes\\hermes-agent\\venv\\Lib\\site-packages\\PyInstaller\\hooks\\rthooks'
49893 INFO: Including run-time hook 'pyi_rth_multiprocessing.py' from 'C:\\Users\\break\\AppData\\Local\\hermes\\hermes-agent\\venv\\Lib\\site-packages\\PyInstaller\\hooks\\rthooks'
49896 INFO: Including run-time hook 'pyi_rth_cryptography_openssl.py' from 'C:\\Users\\break\\AppData\\Local\\hermes\\hermes-agent\\venv\\Lib\\site-packages\\_pyinstaller_hooks_contrib\\rthooks'
49929 INFO: Creating base_library.zip...
49956 INFO: Looking for dynamic libraries
52265 INFO: Extra DLL search directories (AddDllDirectory): ['C:\\Users\\break\\AppData\\Local\\hermes\\hermes-agent\\venv\\Lib\\site-packages\\numpy.libs', 'C:\\Users\\break\\AppData\\Local\\hermes\\hermes-agent\\venv\\Lib\\site-packages\\curl_cffi.libs']
52265 INFO: Extra DLL search directories (PATH): []
53466 INFO: Warnings written to c:\Users\break\PerplexityExporter\build\PerplexityExporter\warn-PerplexityExporter.txt
53821 INFO: Graph cross-reference written to c:\Users\break\PerplexityExporter\build\PerplexityExporter\xref-PerplexityExporter.html
53951 INFO: checking PYZ
53998 INFO: Building because name changed
53998 INFO: Building PYZ (ZlibArchive) c:\Users\break\PerplexityExporter\build\PerplexityExporter\PYZ-00.pyz
56572 INFO: Building PYZ (ZlibArchive) c:\Users\break\PerplexityExporter\build\PerplexityExporter\PYZ-00.pyz completed successfully.
56793 INFO: checking PKG
56862 INFO: Building because name changed
56864 INFO: Building PKG (CArchive) PerplexityExporter.pkg
74074 INFO: Building PKG (CArchive) PerplexityExporter.pkg completed successfully.
74091 INFO: Bootloader C:\Users\break\AppData\Local\hermes\hermes-agent\venv\Lib\site-packages\PyInstaller\bootloader\Windows-64bit-intel\runw.exe
74091 INFO: checking EXE
74112 INFO: Rebuilding EXE-00.toc because PerplexityExporter.exe missing
74112 INFO: Building EXE from EXE-00.toc
74112 INFO: Copying bootloader EXE to c:\Users\break\PerplexityExporter\dist\PerplexityExporter.exe
74195 INFO: Copying icon to EXE
74313 INFO: Copying 0 resources to EXE
74313 INFO: Embedding manifest in EXE
74517 INFO: Appending PKG archive to EXE
74964 INFO: Fixing EXE headers
75842 INFO: Building EXE from EXE-00.toc completed successfully.
75851 INFO: Build complete! The results are available in: c:\Users\break\PerplexityExporter\dist
