frame=0
fps=0.00
stream_0_0_q=0.0
bitrate=N/A
total_size=48
out_time_us=N/A
out_time_ms=N/A
out_time=N/A
dup_frames=0
drop_frames=0
speed=N/A
progress=continue
frame=0
fps=0.00
stream_0_0_q=0.0
bitrate=N/A
total_size=48
out_time_us=N/A
out_time_ms=N/A
out_time=N/A
dup_frames=0
drop_frames=0
speed=N/A
progress=continue
frame=6
fps=3.87
stream_0_0_q=24.0
bitrate=   2.9kbits/s
total_size=48
out_time_us=133333
out_time_ms=133333
out_time=00:00:00.133333
dup_frames=0
drop_frames=0
speed=0.086x
progress=continue
frame=39
fps=18.81
stream_0_0_q=24.0
bitrate=   0.3kbits/s
total_size=48
out_time_us=1233333
out_time_ms=1233333
out_time=00:00:01.233333
dup_frames=0
drop_frames=0
speed=0.595x
progress=continue
frame=70
fps=27.02
stream_0_0_q=24.0
bitrate=   0.2kbits/s
total_size=48
out_time_us=2266667
out_time_ms=2266667
out_time=00:00:02.266667
dup_frames=0
drop_frames=0
speed=0.875x
progress=continue
frame=102
fps=32.86
stream_0_0_q=24.0
bitrate=   0.1kbits/s
total_size=48
out_time_us=3333333
out_time_ms=3333333
out_time=00:00:03.333333
dup_frames=0
drop_frames=0
speed=1.07x
progress=continue
frame=134
fps=37.07
stream_0_0_q=24.0
bitrate=   0.1kbits/s
total_size=48
out_time_us=4400000
out_time_ms=4400000
out_time=00:00:04.400000
dup_frames=0
drop_frames=0
speed=1.22x
progress=continue
frame=172
fps=41.53
stream_0_0_q=24.0
bitrate=   0.1kbits/s
total_size=48
out_time_us=5666667
out_time_ms=5666667
out_time=00:00:05.666667
dup_frames=0
drop_frames=0
speed=1.37x
progress=continue
frame=201
fps=43.25
stream_0_0_q=24.0
bitrate= 316.2kbits/s
total_size=262192
out_time_us=6633333
out_time_ms=6633333
out_time=00:00:06.633333
dup_frames=0
drop_frames=0
speed=1.43x
progress=continue
frame=225
fps=43.48
stream_0_0_q=24.0
bitrate= 282.2kbits/s
total_size=262192
out_time_us=7433333
out_time_ms=7433333
out_time=00:00:07.433333
dup_frames=0
drop_frames=0
speed=1.44x
progress=continue
frame=225
fps=39.60
stream_0_0_q=24.0
bitrate= 282.2kbits/s
total_size=262192
out_time_us=7433333
out_time_ms=7433333
out_time=00:00:07.433333
dup_frames=0
drop_frames=0
speed=1.31x
progress=continue
frame=225
fps=36.26
stream_0_0_q=24.0
bitrate= 282.2kbits/s
total_size=262192
out_time_us=7433333
out_time_ms=7433333
out_time=00:00:07.433333
dup_frames=0
drop_frames=0
speed= 1.2x
progress=continue
frame=236
fps=35.11
stream_0_0_q=24.0
bitrate= 268.9kbits/s
total_size=262192
out_time_us=7800000
out_time_ms=7800000
out_time=00:00:07.800000
dup_frames=0
drop_frames=0
speed=1.16x
progress=continue
frame=270
fps=37.26
stream_0_0_q=24.0
bitrate= 234.8kbits/s
total_size=262192
out_time_us=8933333
out_time_ms=8933333
out_time=00:00:08.933333
dup_frames=0
drop_frames=0
speed=1.23x
progress=continue
frame=302
fps=38.93
stream_0_0_q=24.0
bitrate= 209.8kbits/s
total_size=262192
out_time_us=10000000
out_time_ms=10000000
out_time=00:00:10.000000
dup_frames=0
drop_frames=0
speed=1.29x
progress=continue
frame=330
fps=39.83
stream_0_0_q=24.0
bitrate= 191.8kbits/s
total_size=262192
out_time_us=10933333
out_time_ms=10933333
out_time=00:00:10.933333
dup_frames=0
drop_frames=0
speed=1.32x
progress=continue
frame=364
fps=41.37
stream_0_0_q=24.0
bitrate= 175.4kbits/s
total_size=262192
out_time_us=11958277
out_time_ms=11958277
out_time=00:00:11.958277
dup_frames=0
drop_frames=0
speed=1.36x
progress=continue
frame=392
fps=42.11
stream_0_0_q=24.0
bitrate= 163.1kbits/s
total_size=262192
out_time_us=12863855
out_time_ms=12863855
out_time=00:00:12.863855
dup_frames=0
drop_frames=0
speed=1.38x
progress=continue
frame=422
fps=42.95
stream_0_0_q=24.0
bitrate= 149.8kbits/s
total_size=262192
out_time_us=14000000
out_time_ms=14000000
out_time=00:00:14.000000
dup_frames=0
drop_frames=0
speed=1.42x
progress=continue
frame=449
fps=43.45
stream_0_0_q=24.0
bitrate= 140.8kbits/s
total_size=262192
out_time_us=14900000
out_time_ms=14900000
out_time=00:00:14.900000
dup_frames=0
drop_frames=0
speed=1.44x
progress=continue
frame=483
fps=44.52
stream_0_0_q=24.0
bitrate= 131.5kbits/s
total_size=262192
out_time_us=15952109
out_time_ms=15952109
out_time=00:00:15.952109
dup_frames=0
drop_frames=0
speed=1.47x
progress=continue
frame=514
fps=45.17
stream_0_0_q=24.0
bitrate= 122.9kbits/s
total_size=262192
out_time_us=17066667
out_time_ms=17066667
out_time=00:00:17.066667
dup_frames=0
drop_frames=0
speed= 1.5x
progress=continue
frame=551
fps=46.29
stream_0_0_q=24.0
bitrate= 115.4kbits/s
total_size=262192
out_time_us=18181224
out_time_ms=18181224
out_time=00:00:18.181224
dup_frames=0
drop_frames=0
speed=1.53x
progress=continue
frame=584
fps=47.05
stream_0_0_q=24.0
bitrate= 108.1kbits/s
total_size=262192
out_time_us=19400000
out_time_ms=19400000
out_time=00:00:19.400000
dup_frames=0
drop_frames=0
speed=1.56x
progress=continue
frame=612
fps=47.34
stream_0_0_q=24.0
bitrate= 103.2kbits/s
total_size=262192
out_time_us=20333333
out_time_ms=20333333
out_time=00:00:20.333333
dup_frames=0
drop_frames=0
speed=1.57x
progress=continue
frame=641
fps=47.65
stream_0_0_q=24.0
bitrate=  99.0kbits/s
total_size=262192
out_time_us=21176599
out_time_ms=21176599
out_time=00:00:21.176599
dup_frames=0
drop_frames=0
speed=1.57x
progress=continue
frame=680
fps=48.70
stream_0_0_q=24.0
bitrate=  92.8kbits/s
total_size=262192
out_time_us=22600000
out_time_ms=22600000
out_time=00:00:22.600000
dup_frames=0
drop_frames=0
speed=1.62x
progress=continue
frame=711
fps=49.12
stream_0_0_q=24.0
bitrate= 178.7kbits/s
total_size=524336
out_time_us=23475374
out_time_ms=23475374
out_time=00:00:23.475374
dup_frames=0
drop_frames=0
speed=1.62x
progress=continue
frame=742
fps=49.47
stream_0_0_q=24.0
bitrate= 170.1kbits/s
total_size=524336
out_time_us=24666667
out_time_ms=24666667
out_time=00:00:24.666667
dup_frames=0
drop_frames=0
speed=1.64x
progress=continue
frame=777
fps=50.10
stream_0_0_q=24.0
bitrate= 162.4kbits/s
total_size=524336
out_time_us=25833333
out_time_ms=25833333
out_time=00:00:25.833333
dup_frames=0
drop_frames=0
speed=1.67x
progress=continue
frame=810
fps=50.50
stream_0_0_q=24.0
bitrate= 155.7kbits/s
total_size=524336
out_time_us=26933333
out_time_ms=26933333
out_time=00:00:26.933333
dup_frames=0
drop_frames=0
speed=1.68x
progress=continue
frame=846
fps=51.08
stream_0_0_q=24.0
bitrate= 149.4kbits/s
total_size=524336
out_time_us=28072925
out_time_ms=28072925
out_time=00:00:28.072925
dup_frames=0
drop_frames=0
speed= 1.7x
progress=continue
frame=881
fps=51.60
stream_0_0_q=24.0
bitrate= 143.2kbits/s
total_size=524336
out_time_us=29300000
out_time_ms=29300000
out_time=00:00:29.300000
dup_frames=0
drop_frames=0
speed=1.72x
progress=continue
frame=907
fps=51.57
stream_0_0_q=24.0
bitrate= 139.5kbits/s
total_size=524336
out_time_us=30069841
out_time_ms=30069841
out_time=00:00:30.069841
dup_frames=0
drop_frames=0
speed=1.71x
progress=continue
frame=938
fps=51.78
stream_0_0_q=24.0
bitrate= 201.7kbits/s
total_size=786480
out_time_us=31200000
out_time_ms=31200000
out_time=00:00:31.200000
dup_frames=0
drop_frames=0
speed=1.72x
progress=continue
frame=964
fps=51.71
stream_0_0_q=24.0
bitrate= 196.6kbits/s
total_size=786480
out_time_us=31997098
out_time_ms=31997098
out_time=00:00:31.997098
dup_frames=0
drop_frames=0
speed=1.72x
progress=continue
frame=995
fps=51.91
stream_0_0_q=24.0
bitrate= 190.1kbits/s
total_size=786480
out_time_us=33100000
out_time_ms=33100000
out_time=00:00:33.100000
dup_frames=0
drop_frames=0
speed=1.73x
progress=continue
frame=1022
fps=51.93
stream_0_0_q=24.0
bitrate= 185.5kbits/s
total_size=786480
out_time_us=33924354
out_time_ms=33924354
out_time=00:00:33.924354
dup_frames=0
drop_frames=0
speed=1.72x
progress=continue
frame=1057
fps=52.34
stream_0_0_q=24.0
bitrate= 178.9kbits/s
total_size=786480
out_time_us=35166667
out_time_ms=35166667
out_time=00:00:35.166667
dup_frames=0
drop_frames=0
speed=1.74x
progress=continue
frame=1090
fps=52.63
stream_0_0_q=24.0
bitrate= 173.5kbits/s
total_size=786480
out_time_us=36266667
out_time_ms=36266667
out_time=00:00:36.266667
dup_frames=0
drop_frames=0
speed=1.75x
progress=continue
frame=1122
fps=52.85
stream_0_0_q=24.0
bitrate= 168.6kbits/s
total_size=786480
out_time_us=37314467
out_time_ms=37314467
out_time=00:00:37.314467
dup_frames=0
drop_frames=0
speed=1.76x
progress=continue
frame=1157
fps=53.21
stream_0_0_q=24.0
bitrate= 163.8kbits/s
total_size=786480
out_time_us=38405805
out_time_ms=38405805
out_time=00:00:38.405805
dup_frames=0
drop_frames=0
speed=1.77x
progress=continue
frame=1188
fps=53.37
stream_0_0_q=24.0
bitrate= 212.2kbits/s
total_size=1048624
out_time_us=39533333
out_time_ms=39533333
out_time=00:00:39.533333
dup_frames=0
drop_frames=0
speed=1.78x
progress=continue
frame=1224
fps=53.75
stream_0_0_q=24.0
bitrate= 205.9kbits/s
total_size=1048624
out_time_us=40733333
out_time_ms=40733333
out_time=00:00:40.733333
dup_frames=0
drop_frames=0
speed=1.79x
progress=continue
frame=1256
fps=53.91
stream_0_0_q=24.0
bitrate= 201.0kbits/s
total_size=1048624
out_time_us=41726259
out_time_ms=41726259
out_time=00:00:41.726259
dup_frames=0
drop_frames=0
speed=1.79x
progress=continue
frame=1289
fps=54.15
stream_0_0_q=24.0
bitrate= 195.9kbits/s
total_size=1048624
out_time_us=42817596
out_time_ms=42817596
out_time=00:00:42.817596
dup_frames=0
drop_frames=0
speed= 1.8x
progress=continue
frame=1323
fps=54.41
stream_0_0_q=24.0
bitrate= 191.1kbits/s
total_size=1048624
out_time_us=43908934
out_time_ms=43908934
out_time=00:00:43.908934
dup_frames=0
drop_frames=0
speed=1.81x
progress=continue
frame=1361
fps=54.78
stream_0_0_q=24.0
bitrate= 185.4kbits/s
total_size=1048624
out_time_us=45255692
out_time_ms=45255692
out_time=00:00:45.255692
dup_frames=0
drop_frames=0
speed=1.82x
progress=continue
frame=1396
fps=55.06
stream_0_0_q=24.0
bitrate= 180.5kbits/s
total_size=1048624
out_time_us=46466667
out_time_ms=46466667
out_time=00:00:46.466667
dup_frames=0
drop_frames=0
speed=1.83x
progress=continue
frame=1430
fps=55.29
stream_0_0_q=24.0
bitrate= 176.2kbits/s
total_size=1048624
out_time_us=47600000
out_time_ms=47600000
out_time=00:00:47.600000
dup_frames=0
drop_frames=0
speed=1.84x
progress=continue
frame=1462
fps=55.39
stream_0_0_q=24.0
bitrate= 215.7kbits/s
total_size=1310768
out_time_us=48622585
out_time_ms=48622585
out_time=00:00:48.622585
dup_frames=0
drop_frames=0
speed=1.84x
progress=continue
frame=1493
fps=55.49
stream_0_0_q=24.0
bitrate= 211.3kbits/s
total_size=1310768
out_time_us=49621043
out_time_ms=49621043
out_time=00:00:49.621043
dup_frames=0
drop_frames=0
speed=1.84x
progress=continue
frame=1523
fps=55.55
stream_0_0_q=24.0
bitrate= 207.3kbits/s
total_size=1310768
out_time_us=50596281
out_time_ms=50596281
out_time=00:00:50.596281
dup_frames=0
drop_frames=0
speed=1.85x
progress=continue
frame=1555
fps=55.67
stream_0_0_q=24.0
bitrate= 202.6kbits/s
total_size=1310768
out_time_us=51757279
out_time_ms=51757279
out_time=00:00:51.757279
dup_frames=0
drop_frames=0
speed=1.85x
progress=continue
frame=1587
fps=55.77
stream_0_0_q=24.0
bitrate= 198.6kbits/s
total_size=1310768
out_time_us=52802177
out_time_ms=52802177
out_time=00:00:52.802177
dup_frames=0
drop_frames=0
speed=1.86x
progress=continue
frame=1612
fps=55.65
stream_0_0_q=24.0
bitrate= 195.4kbits/s
total_size=1310768
out_time_us=53666667
out_time_ms=53666667
out_time=00:00:53.666667
dup_frames=0
drop_frames=0
speed=1.85x
progress=continue
frame=1643
fps=55.73
stream_0_0_q=24.0
bitrate= 192.1kbits/s
total_size=1310768
out_time_us=54590113
out_time_ms=54590113
out_time=00:00:54.590113
dup_frames=0
drop_frames=0
speed=1.85x
progress=continue
frame=1676
fps=55.88
stream_0_0_q=24.0
bitrate= 187.9kbits/s
total_size=1310768
out_time_us=55800000
out_time_ms=55800000
out_time=00:00:55.800000
dup_frames=0
drop_frames=0
speed=1.86x
progress=continue
frame=1704
fps=55.81
stream_0_0_q=24.0
bitrate= 222.3kbits/s
total_size=1572912
out_time_us=56610249
out_time_ms=56610249
out_time=00:00:56.610249
dup_frames=0
drop_frames=0
speed=1.85x
progress=continue
frame=1738
fps=55.99
stream_0_0_q=24.0
bitrate= 217.8kbits/s
total_size=1572912
out_time_us=57771247
out_time_ms=57771247
out_time=00:00:57.771247
dup_frames=0
drop_frames=0
speed=1.86x
progress=continue
frame=1768
fps=56.03
stream_0_0_q=24.0
bitrate= 214.5kbits/s
total_size=1572912
out_time_us=58676825
out_time_ms=58676825
out_time=00:00:58.676825
dup_frames=0
drop_frames=0
speed=1.86x
progress=continue
frame=1798
fps=56.07
stream_0_0_q=24.0
bitrate= 210.2kbits/s
total_size=1572912
out_time_us=59866667
out_time_ms=59866667
out_time=00:00:59.866667
dup_frames=0
drop_frames=0
speed=1.87x
progress=continue
frame=1830
fps=56.16
stream_0_0_q=24.0
bitrate= 206.9kbits/s
total_size=1572912
out_time_us=60813061
out_time_ms=60813061
out_time=00:01:00.813061
dup_frames=0
drop_frames=0
speed=1.87x
progress=continue
frame=1864
fps=56.32
stream_0_0_q=24.0
bitrate= 203.0kbits/s
total_size=1572912
out_time_us=61997279
out_time_ms=61997279
out_time=00:01:01.997279
dup_frames=0
drop_frames=0
speed=1.87x
progress=continue
frame=1902
fps=56.56
stream_0_0_q=24.0
bitrate= 198.9kbits/s
total_size=1572912
out_time_us=63274376
out_time_ms=63274376
out_time=00:01:03.274376
dup_frames=0
drop_frames=0
speed=1.88x
progress=continue
frame=1932
fps=56.58
stream_0_0_q=24.0
bitrate= 228.2kbits/s
total_size=1835056
out_time_us=64319274
out_time_ms=64319274
out_time=00:01:04.319274
dup_frames=0
drop_frames=0
speed=1.88x
progress=continue
frame=1966
fps=56.70
stream_0_0_q=24.0
bitrate= 224.6kbits/s
total_size=1835056
out_time_us=65364172
out_time_ms=65364172
out_time=00:01:05.364172
dup_frames=0
drop_frames=0
speed=1.89x
progress=continue
frame=2000
fps=56.83
stream_0_0_q=24.0
bitrate= 220.4kbits/s
total_size=1835056
out_time_us=66600000
out_time_ms=66600000
out_time=00:01:06.600000
dup_frames=0
drop_frames=0
speed=1.89x
progress=continue
frame=2034
fps=56.95
stream_0_0_q=24.0
bitrate= 217.2kbits/s
total_size=1835056
out_time_us=67593288
out_time_ms=67593288
out_time=00:01:07.593288
dup_frames=0
drop_frames=0
speed=1.89x
progress=continue
frame=2062
fps=56.91
stream_0_0_q=24.0
bitrate= 213.8kbits/s
total_size=1835056
out_time_us=68666667
out_time_ms=68666667
out_time=00:01:08.666667
dup_frames=0
drop_frames=0
speed= 1.9x
progress=continue
frame=2090
fps=56.88
stream_0_0_q=24.0
bitrate= 211.1kbits/s
total_size=1835056
out_time_us=69543764
out_time_ms=69543764
out_time=00:01:09.543764
dup_frames=0
drop_frames=0
speed=1.89x
progress=continue
frame=2119
fps=56.86
stream_0_0_q=24.0
bitrate= 237.8kbits/s
total_size=2097200
out_time_us=70542222
out_time_ms=70542222
out_time=00:01:10.542222
dup_frames=0
drop_frames=0
speed=1.89x
progress=continue
frame=2150
fps=56.92
stream_0_0_q=24.0
bitrate= 234.3kbits/s
total_size=2097200
out_time_us=71600000
out_time_ms=71600000
out_time=00:01:11.600000
dup_frames=0
drop_frames=0
speed= 1.9x
progress=continue
frame=2180
fps=56.93
stream_0_0_q=24.0
bitrate= 231.2kbits/s
total_size=2097200
out_time_us=72562358
out_time_ms=72562358
out_time=00:01:12.562358
dup_frames=0
drop_frames=0
speed=1.89x
progress=continue
frame=2206
fps=56.85
stream_0_0_q=24.0
bitrate= 228.6kbits/s
total_size=2097200
out_time_us=73398277
out_time_ms=73398277
out_time=00:01:13.398277
dup_frames=0
drop_frames=0
speed=1.89x
progress=continue
frame=2233
fps=56.79
stream_0_0_q=24.0
bitrate= 253.9kbits/s
total_size=2359344
out_time_us=74327075
out_time_ms=74327075
out_time=00:01:14.327075
dup_frames=0
drop_frames=0
speed=1.89x
progress=continue
frame=2263
fps=56.81
stream_0_0_q=24.0
bitrate= 250.6kbits/s
total_size=2359344
out_time_us=75325533
out_time_ms=75325533
out_time=00:01:15.325533
dup_frames=0
drop_frames=0
speed=1.89x
progress=continue
frame=2294
fps=56.85
stream_0_0_q=24.0
bitrate= 247.2kbits/s
total_size=2359344
out_time_us=76347211
out_time_ms=76347211
out_time=00:01:16.347211
dup_frames=0
drop_frames=0
speed=1.89x
progress=continue
frame=2323
fps=56.84
stream_0_0_q=24.0
bitrate= 244.5kbits/s
total_size=2359344
out_time_us=77206349
out_time_ms=77206349
out_time=00:01:17.206349
dup_frames=0
drop_frames=0
speed=1.89x
progress=continue
frame=2353
fps=56.86
stream_0_0_q=24.0
bitrate= 240.9kbits/s
total_size=2359344
out_time_us=78344127
out_time_ms=78344127
out_time=00:01:18.344127
dup_frames=0
drop_frames=0
speed=1.89x
progress=continue
frame=2377
fps=56.73
stream_0_0_q=24.0
bitrate= 238.7kbits/s
total_size=2359344
out_time_us=79063946
out_time_ms=79063946
out_time=00:01:19.063946
dup_frames=0
drop_frames=0
speed=1.89x
progress=continue
frame=2385
fps=56.23
stream_0_0_q=24.0
bitrate= 237.9kbits/s
total_size=2359344
out_time_us=79342585
out_time_ms=79342585
out_time=00:01:19.342585
dup_frames=0
drop_frames=0
speed=1.87x
progress=continue
frame=2404
fps=56.00
stream_0_0_q=24.0
bitrate= 235.8kbits/s
total_size=2359344
out_time_us=80039184
out_time_ms=80039184
out_time=00:01:20.039184
dup_frames=0
drop_frames=0
speed=1.86x
progress=continue
frame=2425
fps=55.71
stream_0_0_q=24.0
bitrate= 233.9kbits/s
total_size=2359344
out_time_us=80712562
out_time_ms=80712562
out_time=00:01:20.712562
dup_frames=0
drop_frames=0
speed=1.85x
progress=continue
frame=2434
fps=55.26
stream_0_0_q=24.0
bitrate= 258.9kbits/s
total_size=2621488
out_time_us=81014422
out_time_ms=81014422
out_time=00:01:21.014422
dup_frames=0
drop_frames=0
speed=1.84x
progress=continue
frame=2454
fps=55.07
stream_0_0_q=24.0
bitrate= 256.6kbits/s
total_size=2621488
out_time_us=81733333
out_time_ms=81733333
out_time=00:01:21.733333
dup_frames=0
drop_frames=0
speed=1.83x
progress=continue
frame=2478
fps=54.98
stream_0_0_q=24.0
bitrate= 254.3kbits/s
total_size=2621488
out_time_us=82477279
out_time_ms=82477279
out_time=00:01:22.477279
dup_frames=0
drop_frames=0
speed=1.83x
progress=continue
frame=2494
fps=54.71
stream_0_0_q=24.0
bitrate= 252.9kbits/s
total_size=2621488
out_time_us=82918458
out_time_ms=82918458
out_time=00:01:22.918458
dup_frames=0
drop_frames=0
speed=1.82x
progress=continue
frame=2523
fps=54.72
stream_0_0_q=24.0
bitrate= 250.0kbits/s
total_size=2621488
out_time_us=83893696
out_time_ms=83893696
out_time=00:01:23.893696
dup_frames=0
drop_frames=0
speed=1.82x
progress=continue
frame=2537
fps=54.42
stream_0_0_q=24.0
bitrate= 248.2kbits/s
total_size=2621488
out_time_us=84500000
out_time_ms=84500000
out_time=00:01:24.500000
dup_frames=0
drop_frames=0
speed=1.81x
progress=continue
frame=2566
fps=54.44
stream_0_0_q=24.0
bitrate= 245.4kbits/s
total_size=2621488
out_time_us=85466667
out_time_ms=85466667
out_time=00:01:25.466667
dup_frames=0
drop_frames=0
speed=1.81x
progress=continue
frame=2599
fps=54.55
stream_0_0_q=24.0
bitrate= 242.4kbits/s
total_size=2621488
out_time_us=86517551
out_time_ms=86517551
out_time=00:01:26.517551
dup_frames=0
drop_frames=0
speed=1.82x
progress=continue
frame=2631
fps=54.61
stream_0_0_q=24.0
bitrate= 239.4kbits/s
total_size=2621488
out_time_us=87585669
out_time_ms=87585669
out_time=00:01:27.585669
dup_frames=0
drop_frames=0
speed=1.82x
progress=continue
frame=2660
fps=54.63
stream_0_0_q=24.0
bitrate= 236.7kbits/s
total_size=2621488
out_time_us=88600000
out_time_ms=88600000
out_time=00:01:28.600000
dup_frames=0
drop_frames=0
speed=1.82x
progress=continue
frame=2695
fps=54.75
stream_0_0_q=24.0
bitrate= 257.2kbits/s
total_size=2883632
out_time_us=89698685
out_time_ms=89698685
out_time=00:01:29.698685
dup_frames=0
drop_frames=0
speed=1.82x
progress=continue
frame=2732
fps=54.92
stream_0_0_q=24.0
bitrate= 253.5kbits/s
total_size=2883632
out_time_us=90999002
out_time_ms=90999002
out_time=00:01:30.999002
dup_frames=0
drop_frames=0
speed=1.83x
progress=continue
frame=2763
fps=54.97
stream_0_0_q=24.0
bitrate= 250.7kbits/s
total_size=2883632
out_time_us=92033333
out_time_ms=92033333
out_time=00:01:32.033333
dup_frames=0
drop_frames=0
speed=1.83x
progress=continue
frame=2798
fps=55.11
stream_0_0_q=24.0
bitrate= 270.0kbits/s
total_size=3145776
out_time_us=93200000
out_time_ms=93200000
out_time=00:01:33.200000
dup_frames=0
drop_frames=0
speed=1.84x
progress=continue
frame=2828
fps=55.13
stream_0_0_q=24.0
bitrate= 267.4kbits/s
total_size=3145776
out_time_us=94110476
out_time_ms=94110476
out_time=00:01:34.110476
dup_frames=0
drop_frames=0
speed=1.83x
progress=continue
frame=2861
fps=55.23
stream_0_0_q=24.0
bitrate= 264.2kbits/s
total_size=3145776
out_time_us=95271474
out_time_ms=95271474
out_time=00:01:35.271474
dup_frames=0
drop_frames=0
speed=1.84x
progress=continue
frame=2895
fps=55.33
stream_0_0_q=24.0
bitrate= 261.2kbits/s
total_size=3145776
out_time_us=96339592
out_time_ms=96339592
out_time=00:01:36.339592
dup_frames=0
drop_frames=0
speed=1.84x
progress=continue
frame=2930
fps=55.46
stream_0_0_q=24.0
bitrate= 257.9kbits/s
total_size=3145776
out_time_us=97600000
out_time_ms=97600000
out_time=00:01:37.600000
dup_frames=0
drop_frames=0
speed=1.85x
progress=continue
frame=2958
fps=55.44
stream_0_0_q=24.0
bitrate= 276.7kbits/s
total_size=3407920
out_time_us=98533333
out_time_ms=98533333
out_time=00:01:38.533333
dup_frames=0
drop_frames=0
speed=1.85x
progress=continue
frame=2990
fps=55.51
stream_0_0_q=24.0
bitrate= 273.7kbits/s
total_size=3407920
out_time_us=99600000
out_time_ms=99600000
out_time=00:01:39.600000
dup_frames=0
drop_frames=0
speed=1.85x
progress=continue
frame=3021
fps=55.55
stream_0_0_q=24.0
bitrate= 271.3kbits/s
total_size=3407920
out_time_us=100495964
out_time_ms=100495964
out_time=00:01:40.495964
dup_frames=0
drop_frames=0
speed=1.85x
progress=continue
frame=3052
fps=55.59
stream_0_0_q=24.0
bitrate= 268.2kbits/s
total_size=3407920
out_time_us=101666667
out_time_ms=101666667
out_time=00:01:41.666667
dup_frames=0
drop_frames=0
speed=1.85x
progress=continue
frame=3089
fps=55.73
stream_0_0_q=24.0
bitrate= 265.2kbits/s
total_size=3407920
out_time_us=102817959
out_time_ms=102817959
out_time=00:01:42.817959
dup_frames=0
drop_frames=0
speed=1.86x
progress=continue
frame=3122
fps=55.79
stream_0_0_q=24.0
bitrate= 262.1kbits/s
total_size=3407920
out_time_us=104000000
out_time_ms=104000000
out_time=00:01:44.000000
dup_frames=0
drop_frames=0
speed=1.86x
progress=continue
frame=3156
fps=55.89
stream_0_0_q=24.0
bitrate= 279.6kbits/s
total_size=3670064
out_time_us=105023855
out_time_ms=105023855
out_time=00:01:45.023855
dup_frames=0
drop_frames=0
speed=1.86x
progress=continue
frame=3185
fps=55.89
stream_0_0_q=24.0
bitrate= 296.8kbits/s
total_size=3932208
out_time_us=105999093
out_time_ms=105999093
out_time=00:01:45.999093
dup_frames=0
drop_frames=0
speed=1.86x
progress=continue
frame=3219
fps=55.98
stream_0_0_q=24.0
bitrate= 293.7kbits/s
total_size=3932208
out_time_us=107113651
out_time_ms=107113651
out_time=00:01:47.113651
dup_frames=0
drop_frames=0
speed=1.86x
progress=continue
frame=3244
fps=55.92
stream_0_0_q=24.0
bitrate= 291.2kbits/s
total_size=3932208
out_time_us=108019229
out_time_ms=108019229
out_time=00:01:48.019229
dup_frames=0
drop_frames=0
speed=1.86x
progress=continue
frame=3273
fps=55.92
stream_0_0_q=24.0
bitrate= 288.9kbits/s
total_size=3932208
out_time_us=108878367
out_time_ms=108878367
out_time=00:01:48.878367
dup_frames=0
drop_frames=0
speed=1.86x
progress=continue
frame=3306
fps=55.99
stream_0_0_q=24.0
bitrate= 285.6kbits/s
total_size=3932208
out_time_us=110133333
out_time_ms=110133333
out_time=00:01:50.133333
dup_frames=0
drop_frames=0
speed=1.87x
progress=continue
frame=3337
fps=56.02
stream_0_0_q=24.0
bitrate= 283.0kbits/s
total_size=3932208
out_time_us=111153923
out_time_ms=111153923
out_time=00:01:51.153923
dup_frames=0
drop_frames=0
speed=1.87x
progress=continue
frame=3367
fps=56.03
stream_0_0_q=24.0
bitrate= 280.6kbits/s
total_size=3932208
out_time_us=112105941
out_time_ms=112105941
out_time=00:01:52.105941
dup_frames=0
drop_frames=0
speed=1.87x
progress=continue
frame=3400
fps=56.10
stream_0_0_q=24.0
bitrate= 277.7kbits/s
total_size=3932208
out_time_us=113266667
out_time_ms=113266667
out_time=00:01:53.266667
dup_frames=0
drop_frames=0
speed=1.87x
progress=continue
frame=3430
fps=56.12
stream_0_0_q=24.0
bitrate= 275.4kbits/s
total_size=3932208
out_time_us=114218957
out_time_ms=114218957
out_time=00:01:54.218957
dup_frames=0
drop_frames=0
speed=1.87x
progress=continue
frame=3462
fps=56.17
stream_0_0_q=24.0
bitrate= 290.9kbits/s
total_size=4194352
out_time_us=115333333
out_time_ms=115333333
out_time=00:01:55.333333
dup_frames=0
drop_frames=0
speed=1.87x
progress=continue
frame=3496
fps=56.25
stream_0_0_q=24.0
bitrate= 288.4kbits/s
total_size=4194352
out_time_us=116331973
out_time_ms=116331973
out_time=00:01:56.331973
dup_frames=0
drop_frames=0
speed=1.87x
progress=continue
frame=3533
fps=56.38
stream_0_0_q=24.0
bitrate= 303.1kbits/s
total_size=4456496
out_time_us=117609070
out_time_ms=117609070
out_time=00:01:57.609070
dup_frames=0
drop_frames=0
speed=1.88x
progress=continue
frame=3568
fps=56.48
stream_0_0_q=24.0
bitrate= 299.9kbits/s
total_size=4456496
out_time_us=118862948
out_time_ms=118862948
out_time=00:01:58.862948
dup_frames=0
drop_frames=0
speed=1.88x
progress=continue
frame=3598
fps=56.49
stream_0_0_q=24.0
bitrate= 297.6kbits/s
total_size=4456496
out_time_us=119814966
out_time_ms=119814966
out_time=00:01:59.814966
dup_frames=0
drop_frames=0
speed=1.88x
progress=continue
frame=3633
fps=56.57
stream_0_0_q=24.0
bitrate= 295.0kbits/s
total_size=4456496
out_time_us=120859864
out_time_ms=120859864
out_time=00:02:00.859864
dup_frames=0
drop_frames=0
speed=1.88x
progress=continue
frame=3662
fps=56.57
stream_0_0_q=24.0
bitrate= 292.5kbits/s
total_size=4456496
out_time_us=121904762
out_time_ms=121904762
out_time=00:02:01.904762
dup_frames=0
drop_frames=0
speed=1.88x
progress=continue
frame=3692
fps=56.57
stream_0_0_q=24.0
bitrate= 307.1kbits/s
total_size=4718640
out_time_us=122903220
out_time_ms=122903220
out_time=00:02:02.903220
dup_frames=0
drop_frames=0
speed=1.88x
progress=continue
frame=3727
fps=56.66
stream_0_0_q=24.0
bitrate= 304.0kbits/s
total_size=4718640
out_time_us=124157098
out_time_ms=124157098
out_time=00:02:04.157098
dup_frames=0
drop_frames=0
speed=1.89x
progress=continue
frame=3763
fps=56.77
stream_0_0_q=24.0
bitrate= 301.4kbits/s
total_size=4718640
out_time_us=125248435
out_time_ms=125248435
out_time=00:02:05.248435
dup_frames=0
drop_frames=0
speed=1.89x
progress=continue
frame=3797
fps=56.84
stream_0_0_q=24.0
bitrate= 298.4kbits/s
total_size=4718640
out_time_us=126500000
out_time_ms=126500000
out_time=00:02:06.500000
dup_frames=0
drop_frames=0
speed=1.89x
progress=continue
frame=3830
fps=56.89
stream_0_0_q=24.0
bitrate= 296.0kbits/s
total_size=4718640
out_time_us=127547211
out_time_ms=127547211
out_time=00:02:07.547211
dup_frames=0
drop_frames=0
speed=1.89x
progress=continue
frame=3863
fps=56.95
stream_0_0_q=24.0
bitrate= 309.8kbits/s
total_size=4980784
out_time_us=128638549
out_time_ms=128638549
out_time=00:02:08.638549
dup_frames=0
drop_frames=0
speed= 1.9x
progress=continue
frame=3898
fps=57.02
stream_0_0_q=24.0
bitrate= 306.9kbits/s
total_size=4980784
out_time_us=129845986
out_time_ms=129845986
out_time=00:02:09.845986
dup_frames=0
drop_frames=0
speed= 1.9x
progress=continue
frame=3930
fps=57.06
stream_0_0_q=24.0
bitrate= 304.5kbits/s
total_size=4980784
out_time_us=130867664
out_time_ms=130867664
out_time=00:02:10.867664
dup_frames=0
drop_frames=0
speed= 1.9x
progress=continue
frame=3954
fps=56.97
stream_0_0_q=24.0
bitrate= 318.6kbits/s
total_size=5242928
out_time_us=131657143
out_time_ms=131657143
out_time=00:02:11.657143
dup_frames=0
drop_frames=0
speed= 1.9x
progress=continue
frame=3986
fps=57.01
stream_0_0_q=24.0
bitrate= 315.8kbits/s
total_size=5242928
out_time_us=132800000
out_time_ms=132800000
out_time=00:02:12.800000
dup_frames=0
drop_frames=0
speed= 1.9x
progress=continue
frame=4018
fps=57.04
stream_0_0_q=24.0
bitrate= 313.4kbits/s
total_size=5242928
out_time_us=133816599
out_time_ms=133816599
out_time=00:02:13.816599
dup_frames=0
drop_frames=0
speed= 1.9x
progress=continue
frame=4052
fps=57.09
stream_0_0_q=24.0
bitrate= 310.9kbits/s
total_size=5242928
out_time_us=134931156
out_time_ms=134931156
out_time=00:02:14.931156
dup_frames=0
drop_frames=0
speed= 1.9x
progress=continue
frame=4085
fps=57.14
stream_0_0_q=24.0
bitrate= 308.3kbits/s
total_size=5242928
out_time_us=136068934
out_time_ms=136068934
out_time=00:02:16.068934
dup_frames=0
drop_frames=0
speed= 1.9x
progress=continue
frame=4115
fps=57.15
stream_0_0_q=24.0
bitrate= 306.1kbits/s
total_size=5242928
out_time_us=137044172
out_time_ms=137044172
out_time=00:02:17.044172
dup_frames=0
drop_frames=0
speed= 1.9x
progress=continue
frame=4141
fps=57.10
stream_0_0_q=24.0
bitrate= 319.5kbits/s
total_size=5505072
out_time_us=137833651
out_time_ms=137833651
out_time=00:02:17.833651
dup_frames=0
drop_frames=0
speed= 1.9x
progress=continue
frame=4177
fps=57.19
stream_0_0_q=24.0
bitrate= 316.5kbits/s
total_size=5505072
out_time_us=139157188
out_time_ms=139157188
out_time=00:02:19.157188
dup_frames=0
drop_frames=0
speed=1.91x
progress=continue
frame=4197
fps=57.06
stream_0_0_q=24.0
bitrate= 330.2kbits/s
total_size=5767216
out_time_us=139737687
out_time_ms=139737687
out_time=00:02:19.737687
dup_frames=0
drop_frames=0
speed= 1.9x
progress=continue
frame=4231
fps=57.12
stream_0_0_q=24.0
bitrate= 327.3kbits/s
total_size=5767216
out_time_us=140966667
out_time_ms=140966667
out_time=00:02:20.966667
dup_frames=0
drop_frames=0
speed= 1.9x
progress=continue
frame=4264
fps=57.17
stream_0_0_q=24.0
bitrate= 325.0kbits/s
total_size=5767216
out_time_us=141966803
out_time_ms=141966803
out_time=00:02:21.966803
dup_frames=0
drop_frames=0
speed= 1.9x
progress=continue
frame=4300
fps=57.26
stream_0_0_q=24.0
bitrate= 322.1kbits/s
total_size=5767216
out_time_us=143243900
out_time_ms=143243900
out_time=00:02:23.243900
dup_frames=0
drop_frames=0
speed=1.91x
progress=continue
frame=4334
fps=57.31
stream_0_0_q=24.0
bitrate= 319.8kbits/s
total_size=5767216
out_time_us=144265578
out_time_ms=144265578
out_time=00:02:24.265578
dup_frames=0
drop_frames=0
speed=1.91x
progress=continue
frame=4371
fps=57.41
stream_0_0_q=24.0
bitrate= 317.0kbits/s
total_size=5767216
out_time_us=145542676
out_time_ms=145542676
out_time=00:02:25.542676
dup_frames=0
drop_frames=0
speed=1.91x
progress=continue
frame=4403
fps=57.44
stream_0_0_q=24.0
bitrate= 314.6kbits/s
total_size=5767216
out_time_us=146634014
out_time_ms=146634014
out_time=00:02:26.634014
dup_frames=0
drop_frames=0
speed=1.91x
progress=continue
frame=4430
fps=57.41
stream_0_0_q=24.0
bitrate= 312.6kbits/s
total_size=5767216
out_time_us=147600000
out_time_ms=147600000
out_time=00:02:27.600000
dup_frames=0
drop_frames=0
speed=1.91x
progress=continue
frame=4458
fps=57.38
stream_0_0_q=24.0
bitrate= 339.2kbits/s
total_size=6291504
out_time_us=148398730
out_time_ms=148398730
out_time=00:02:28.398730
dup_frames=0
drop_frames=0
speed=1.91x
progress=continue
frame=4490
fps=57.40
stream_0_0_q=24.0
bitrate= 336.5kbits/s
total_size=6291504
out_time_us=149559728
out_time_ms=149559728
out_time=00:02:29.559728
dup_frames=0
drop_frames=0
speed=1.91x
progress=continue
frame=4517
fps=57.36
stream_0_0_q=24.0
bitrate= 334.8kbits/s
total_size=6291504
out_time_us=150349206
out_time_ms=150349206
out_time=00:02:30.349206
dup_frames=0
drop_frames=0
speed=1.91x
progress=continue
frame=4544
fps=57.32
stream_0_0_q=24.0
bitrate= 332.6kbits/s
total_size=6291504
out_time_us=151347664
out_time_ms=151347664
out_time=00:02:31.347664
dup_frames=0
drop_frames=0
speed=1.91x
progress=continue
frame=4572
fps=57.29
stream_0_0_q=24.0
bitrate= 330.4kbits/s
total_size=6291504
out_time_us=152333333
out_time_ms=152333333
out_time=00:02:32.333333
dup_frames=0
drop_frames=0
speed=1.91x
progress=continue
frame=4603
fps=57.31
stream_0_0_q=24.0
bitrate= 328.6kbits/s
total_size=6291504
out_time_us=153182041
out_time_ms=153182041
out_time=00:02:33.182041
dup_frames=0
drop_frames=0
speed=1.91x
progress=continue
frame=4636
fps=57.36
stream_0_0_q=24.0
bitrate= 326.0kbits/s
total_size=6291504
out_time_us=154389478
out_time_ms=154389478
out_time=00:02:34.389478
dup_frames=0
drop_frames=0
speed=1.91x
progress=continue
frame=4675
fps=57.47
stream_0_0_q=24.0
bitrate= 323.3kbits/s
total_size=6291504
out_time_us=155666576
out_time_ms=155666576
out_time=00:02:35.666576
dup_frames=0
drop_frames=0
speed=1.91x
progress=continue
frame=4695
fps=57.35
stream_0_0_q=24.0
bitrate= 348.6kbits/s
total_size=6815792
out_time_us=156433333
out_time_ms=156433333
out_time=00:02:36.433333
dup_frames=0
drop_frames=0
speed=1.91x
progress=continue
frame=4730
fps=57.42
stream_0_0_q=24.0
bitrate= 346.0kbits/s
total_size=6815792
out_time_us=157600000
out_time_ms=157600000
out_time=00:02:37.600000
dup_frames=0
drop_frames=0
speed=1.91x
progress=continue
frame=4764
fps=57.48
stream_0_0_q=24.0
bitrate= 343.7kbits/s
total_size=6815792
out_time_us=158661950
out_time_ms=158661950
out_time=00:02:38.661950
dup_frames=0
drop_frames=0
speed=1.91x
progress=continue
frame=4794
fps=57.48
stream_0_0_q=24.0
bitrate= 341.5kbits/s
total_size=6815792
out_time_us=159660408
out_time_ms=159660408
out_time=00:02:39.660408
dup_frames=0
drop_frames=0
speed=1.91x
progress=continue
frame=4823
fps=57.48
stream_0_0_q=24.0
bitrate= 339.4kbits/s
total_size=6815792
out_time_us=160658866
out_time_ms=160658866
out_time=00:02:40.658866
dup_frames=0
drop_frames=0
speed=1.91x
progress=continue
frame=4856
fps=57.51
stream_0_0_q=24.0
bitrate= 337.2kbits/s
total_size=6815792
out_time_us=161726984
out_time_ms=161726984
out_time=00:02:41.726984
dup_frames=0
drop_frames=0
speed=1.92x
progress=continue
frame=4887
fps=57.53
stream_0_0_q=24.0
bitrate= 335.1kbits/s
total_size=6815792
out_time_us=162702222
out_time_ms=162702222
out_time=00:02:42.702222
dup_frames=0
drop_frames=0
speed=1.92x
progress=continue
frame=4917
fps=57.53
stream_0_0_q=24.0
bitrate= 332.8kbits/s
total_size=6815792
out_time_us=163833333
out_time_ms=163833333
out_time=00:02:43.833333
dup_frames=0
drop_frames=0
speed=1.92x
progress=continue
frame=4940
fps=57.45
stream_0_0_q=24.0
bitrate= 344.2kbits/s
total_size=7077936
out_time_us=164513379
out_time_ms=164513379
out_time=00:02:44.513379
dup_frames=0
drop_frames=0
speed=1.91x
progress=continue
frame=4971
fps=57.47
stream_0_0_q=24.0
bitrate= 342.0kbits/s
total_size=7077936
out_time_us=165558277
out_time_ms=165558277
out_time=00:02:45.558277
dup_frames=0
drop_frames=0
speed=1.91x
progress=continue
frame=5003
fps=57.49
stream_0_0_q=24.0
bitrate= 352.3kbits/s
total_size=7340080
out_time_us=166696054
out_time_ms=166696054
out_time=00:02:46.696054
dup_frames=0
drop_frames=0
speed=1.92x
progress=continue
frame=5027
fps=57.43
stream_0_0_q=24.0
bitrate= 350.6kbits/s
total_size=7340080
out_time_us=167485533
out_time_ms=167485533
out_time=00:02:47.485533
dup_frames=0
drop_frames=0
speed=1.91x
progress=continue
frame=5052
fps=57.37
stream_0_0_q=24.0
bitrate= 348.9kbits/s
total_size=7340080
out_time_us=168321451
out_time_ms=168321451
out_time=00:02:48.321451
dup_frames=0
drop_frames=0
speed=1.91x
progress=continue
frame=5079
fps=57.34
stream_0_0_q=24.0
bitrate= 347.0kbits/s
total_size=7340080
out_time_us=169233333
out_time_ms=169233333
out_time=00:02:49.233333
dup_frames=0
drop_frames=0
speed=1.91x
progress=continue
frame=5099
fps=57.23
stream_0_0_q=24.0
bitrate= 345.7kbits/s
total_size=7340080
out_time_us=169877188
out_time_ms=169877188
out_time=00:02:49.877188
dup_frames=0
drop_frames=0
speed=1.91x
progress=continue
frame=5116
fps=57.09
stream_0_0_q=24.0
bitrate= 344.5kbits/s
total_size=7340080
out_time_us=170457687
out_time_ms=170457687
out_time=00:02:50.457687
dup_frames=0
drop_frames=0
speed= 1.9x
progress=continue
frame=5144
fps=57.07
stream_0_0_q=24.0
bitrate= 342.8kbits/s
total_size=7340080
out_time_us=171293605
out_time_ms=171293605
out_time=00:02:51.293605
dup_frames=0
drop_frames=0
speed= 1.9x
progress=continue
frame=5180
fps=57.14
stream_0_0_q=24.0
bitrate= 340.5kbits/s
total_size=7340080
out_time_us=172477823
out_time_ms=172477823
out_time=00:02:52.477823
dup_frames=0
drop_frames=0
speed= 1.9x
progress=continue
frame=5196
fps=57.00
stream_0_0_q=24.0
bitrate= 351.3kbits/s
total_size=7602224
out_time_us=173104762
out_time_ms=173104762
out_time=00:02:53.104762
dup_frames=0
drop_frames=0
speed= 1.9x
progress=continue
frame=5227
fps=57.01
stream_0_0_q=24.0
bitrate= 361.2kbits/s
total_size=7864368
out_time_us=174166667
out_time_ms=174166667
out_time=00:02:54.166667
dup_frames=0
drop_frames=0
speed= 1.9x
progress=continue
frame=5259
fps=57.04
stream_0_0_q=24.0
bitrate= 359.3kbits/s
total_size=7864368
out_time_us=175101678
out_time_ms=175101678
out_time=00:02:55.101678
dup_frames=0
drop_frames=0
speed= 1.9x
progress=continue
frame=5288
fps=57.04
stream_0_0_q=24.0
bitrate= 357.1kbits/s
total_size=7864368
out_time_us=176200000
out_time_ms=176200000
out_time=00:02:56.200000
dup_frames=0
drop_frames=0
speed= 1.9x
progress=continue
frame=5321
fps=57.08
stream_0_0_q=24.0
bitrate= 355.0kbits/s
total_size=7864368
out_time_us=177214694
out_time_ms=177214694
out_time=00:02:57.214694
dup_frames=0
drop_frames=0
speed= 1.9x
progress=continue
frame=5356
fps=57.13
stream_0_0_q=24.0
bitrate= 352.7kbits/s
total_size=7864368
out_time_us=178375692
out_time_ms=178375692
out_time=00:02:58.375692
dup_frames=0
drop_frames=0
speed= 1.9x
progress=continue
frame=5392
fps=57.19
stream_0_0_q=24.0
bitrate= 350.2kbits/s
total_size=7864368
out_time_us=179666667
out_time_ms=179666667
out_time=00:02:59.666667
dup_frames=0
drop_frames=0
speed=1.91x
progress=continue
frame=5429
fps=57.26
stream_0_0_q=24.0
bitrate= 347.9kbits/s
total_size=7864368
out_time_us=180837007
out_time_ms=180837007
out_time=00:03:00.837007
dup_frames=0
drop_frames=0
speed=1.91x
progress=continue
frame=5451
fps=57.18
stream_0_0_q=24.0
bitrate= 358.3kbits/s
total_size=8126512
out_time_us=181463946
out_time_ms=181463946
out_time=00:03:01.463946
dup_frames=0
drop_frames=0
speed= 1.9x
progress=continue
frame=5474
fps=57.10
stream_0_0_q=24.0
bitrate= 356.4kbits/s
total_size=8126512
out_time_us=182400000
out_time_ms=182400000
out_time=00:03:02.400000
dup_frames=0
drop_frames=0
speed= 1.9x
progress=continue
frame=5505
fps=57.12
stream_0_0_q=24.0
bitrate= 354.7kbits/s
total_size=8126512
out_time_us=183298322
out_time_ms=183298322
out_time=00:03:03.298322
dup_frames=0
drop_frames=0
speed= 1.9x
progress=continue
frame=5537
fps=57.15
stream_0_0_q=24.0
bitrate= 363.7kbits/s
total_size=8388656
out_time_us=184500000
out_time_ms=184500000
out_time=00:03:04.500000
dup_frames=0
drop_frames=0
speed= 1.9x
progress=continue
frame=5568
fps=57.16
stream_0_0_q=24.0
bitrate= 361.7kbits/s
total_size=8388656
out_time_us=185533333
out_time_ms=185533333
out_time=00:03:05.533333
dup_frames=0
drop_frames=0
speed= 1.9x
progress=continue
frame=5594
fps=57.13
stream_0_0_q=24.0
bitrate= 360.0kbits/s
total_size=8388656
out_time_us=186400000
out_time_ms=186400000
out_time=00:03:06.400000
dup_frames=0
drop_frames=0
speed= 1.9x
progress=continue
frame=5622
fps=57.10
stream_0_0_q=24.0
bitrate= 358.2kbits/s
total_size=8388656
out_time_us=187333333
out_time_ms=187333333
out_time=00:03:07.333333
dup_frames=0
drop_frames=0
speed= 1.9x
progress=continue
frame=5647
fps=57.05
stream_0_0_q=24.0
bitrate= 356.7kbits/s
total_size=8388656
out_time_us=188128073
out_time_ms=188128073
out_time=00:03:08.128073
dup_frames=0
drop_frames=0
speed= 1.9x
progress=continue
frame=5674
fps=57.03
stream_0_0_q=24.0
bitrate= 355.0kbits/s
total_size=8388656
out_time_us=189066667
out_time_ms=189066667
out_time=00:03:09.066667
dup_frames=0
drop_frames=0
speed= 1.9x
progress=continue
frame=5692
fps=56.91
stream_0_0_q=24.0
bitrate= 387.0kbits/s
total_size=9175088
out_time_us=189666667
out_time_ms=189666667
out_time=00:03:09.666667
dup_frames=0
drop_frames=0
speed= 1.9x
progress=continue
frame=5712
fps=56.82
stream_0_0_q=24.0
bitrate= 407.7kbits/s
total_size=9699376
out_time_us=190333333
out_time_ms=190333333
out_time=00:03:10.333333
dup_frames=0
drop_frames=0
speed=1.89x
progress=continue
frame=5731
fps=56.72
stream_0_0_q=24.0
bitrate= 428.6kbits/s
total_size=10223664
out_time_us=190844807
out_time_ms=190844807
out_time=00:03:10.844807
dup_frames=0
drop_frames=0
speed=1.89x
progress=continue
frame=5749
fps=56.61
stream_0_0_q=24.0
bitrate= 449.0kbits/s
total_size=10747952
out_time_us=191518186
out_time_ms=191518186
out_time=00:03:11.518186
dup_frames=0
drop_frames=0
speed=1.89x
progress=continue
frame=5772
fps=56.55
stream_0_0_q=24.0
bitrate= 490.9kbits/s
total_size=11796528
out_time_us=192261224
out_time_ms=192261224
out_time=00:03:12.261224
dup_frames=0
drop_frames=0
speed=1.88x
progress=continue
frame=5790
fps=56.44
stream_0_0_q=24.0
bitrate= 521.9kbits/s
total_size=12582960
out_time_us=192864943
out_time_ms=192864943
out_time=00:03:12.864943
dup_frames=0
drop_frames=0
speed=1.88x
progress=continue
frame=5812
fps=56.37
stream_0_0_q=24.0
bitrate= 552.6kbits/s
total_size=13369392
out_time_us=193538322
out_time_ms=193538322
out_time=00:03:13.538322
dup_frames=0
drop_frames=0
speed=1.88x
progress=continue
frame=5839
fps=56.35
stream_0_0_q=24.0
bitrate= 593.3kbits/s
total_size=14417968
out_time_us=194420680
out_time_ms=194420680
out_time=00:03:14.420680
dup_frames=0
drop_frames=0
speed=1.88x
progress=continue
frame=5856
fps=56.22
stream_0_0_q=24.0
bitrate= 613.0kbits/s
total_size=14942256
out_time_us=195001179
out_time_ms=195001179
out_time=00:03:15.001179
dup_frames=0
drop_frames=0
speed=1.87x
progress=continue
frame=5872
fps=56.09
stream_0_0_q=24.0
bitrate= 653.9kbits/s
total_size=15990832
out_time_us=195651338
out_time_ms=195651338
out_time=00:03:15.651338
dup_frames=0
drop_frames=0
speed=1.87x
progress=continue
frame=5893
fps=56.02
stream_0_0_q=24.0
bitrate= 683.8kbits/s
total_size=16777264
out_time_us=196278277
out_time_ms=196278277
out_time=00:03:16.278277
dup_frames=0
drop_frames=0
speed=1.87x
progress=continue
frame=5917
fps=55.97
stream_0_0_q=24.0
bitrate= 712.7kbits/s
total_size=17563696
out_time_us=197160635
out_time_ms=197160635
out_time=00:03:17.160635
dup_frames=0
drop_frames=0
speed=1.86x
progress=continue
frame=5930
fps=55.82
stream_0_0_q=24.0
bitrate= 742.9kbits/s
total_size=18350128
out_time_us=197600000
out_time_ms=197600000
out_time=00:03:17.600000
dup_frames=0
drop_frames=0
speed=1.86x
progress=continue
frame=5956
fps=55.80
stream_0_0_q=24.0
bitrate= 792.5kbits/s
total_size=19660848
out_time_us=198466667
out_time_ms=198466667
out_time=00:03:18.466667
dup_frames=0
drop_frames=0
speed=1.86x
progress=continue
frame=5981
fps=55.76
stream_0_0_q=24.0
bitrate= 820.8kbits/s
total_size=20447280
out_time_us=199300000
out_time_ms=199300000
out_time=00:03:19.300000
dup_frames=0
drop_frames=0
speed=1.86x
progress=continue
frame=6009
fps=55.75
stream_0_0_q=24.0
bitrate= 837.9kbits/s
total_size=20971568
out_time_us=200225669
out_time_ms=200225669
out_time=00:03:20.225669
dup_frames=0
drop_frames=0
speed=1.86x
progress=continue
frame=6026
fps=55.65
stream_0_0_q=24.0
bitrate= 856.8kbits/s
total_size=21495856
out_time_us=200713288
out_time_ms=200713288
out_time=00:03:20.713288
dup_frames=0
drop_frames=0
speed=1.85x
progress=continue
frame=6041
fps=55.52
stream_0_0_q=24.0
bitrate= 875.1kbits/s
total_size=22020144
out_time_us=201300000
out_time_ms=201300000
out_time=00:03:21.300000
dup_frames=0
drop_frames=0
speed=1.85x
progress=continue
frame=6058
fps=55.41
stream_0_0_q=24.0
bitrate= 904.2kbits/s
total_size=22806576
out_time_us=201781406
out_time_ms=201781406
out_time=00:03:21.781406
dup_frames=0
drop_frames=0
speed=1.85x
progress=continue
frame=6079
fps=55.34
stream_0_0_q=24.0
bitrate= 942.1kbits/s
total_size=23855152
out_time_us=202566667
out_time_ms=202566667
out_time=00:03:22.566667
dup_frames=0
drop_frames=0
speed=1.84x
progress=continue
frame=6098
fps=55.25
stream_0_0_q=24.0
bitrate= 970.8kbits/s
total_size=24641584
out_time_us=203058503
out_time_ms=203058503
out_time=00:03:23.058503
dup_frames=0
drop_frames=0
speed=1.84x
progress=continue
frame=6124
fps=55.23
stream_0_0_q=24.0
bitrate= 976.3kbits/s
total_size=24903728
out_time_us=204066667
out_time_ms=204066667
out_time=00:03:24.066667
dup_frames=0
drop_frames=0
speed=1.84x
progress=continue
frame=6156
fps=55.26
stream_0_0_q=24.0
bitrate= 981.7kbits/s
total_size=25165872
out_time_us=205078639
out_time_ms=205078639
out_time=00:03:25.078639
dup_frames=0
drop_frames=0
speed=1.84x
progress=continue
frame=6180
fps=55.22
stream_0_0_q=24.0
bitrate= 977.6kbits/s
total_size=25165872
out_time_us=205933333
out_time_ms=205933333
out_time=00:03:25.933333
dup_frames=0
drop_frames=0
speed=1.84x
progress=continue
frame=6202
fps=55.16
stream_0_0_q=24.0
bitrate= 984.3kbits/s
total_size=25428016
out_time_us=206666667
out_time_ms=206666667
out_time=00:03:26.666667
dup_frames=0
drop_frames=0
speed=1.84x
progress=continue
frame=6229
fps=55.15
stream_0_0_q=24.0
bitrate= 980.6kbits/s
total_size=25428016
out_time_us=207447075
out_time_ms=207447075
out_time=00:03:27.447075
dup_frames=0
drop_frames=0
speed=1.84x
progress=continue
frame=6256
fps=55.14
stream_0_0_q=24.0
bitrate= 985.9kbits/s
total_size=25690160
out_time_us=208466667
out_time_ms=208466667
out_time=00:03:28.466667
dup_frames=0
drop_frames=0
speed=1.84x
progress=continue
frame=6286
fps=55.15
stream_0_0_q=24.0
bitrate= 981.3kbits/s
total_size=25690160
out_time_us=209443991
out_time_ms=209443991
out_time=00:03:29.443991
dup_frames=0
drop_frames=0
speed=1.84x
progress=continue
frame=6321
fps=55.20
stream_0_0_q=24.0
bitrate= 976.4kbits/s
total_size=25690160
out_time_us=210488889
out_time_ms=210488889
out_time=00:03:30.488889
dup_frames=0
drop_frames=0
speed=1.84x
progress=continue
frame=6347
fps=55.18
stream_0_0_q=24.0
bitrate= 981.9kbits/s
total_size=25952304
out_time_us=211440907
out_time_ms=211440907
out_time=00:03:31.440907
dup_frames=0
drop_frames=0
speed=1.84x
progress=continue
frame=6375
fps=55.18
stream_0_0_q=24.0
bitrate= 977.3kbits/s
total_size=25952304
out_time_us=212433333
out_time_ms=212433333
out_time=00:03:32.433333
dup_frames=0
drop_frames=0
speed=1.84x
progress=continue
frame=6402
fps=55.17
stream_0_0_q=24.0
bitrate= 973.2kbits/s
total_size=25952304
out_time_us=213333333
out_time_ms=213333333
out_time=00:03:33.333333
dup_frames=0
drop_frames=0
speed=1.84x
progress=continue
frame=6430
fps=55.17
stream_0_0_q=24.0
bitrate= 969.0kbits/s
total_size=25952304
out_time_us=214266667
out_time_ms=214266667
out_time=00:03:34.266667
dup_frames=0
drop_frames=0
speed=1.84x
progress=continue
frame=6453
fps=55.12
stream_0_0_q=24.0
bitrate= 975.7kbits/s
total_size=26214448
out_time_us=214947120
out_time_ms=214947120
out_time=00:03:34.947120
dup_frames=0
drop_frames=0
speed=1.84x
progress=continue
frame=6481
fps=55.11
stream_0_0_q=24.0
bitrate= 971.8kbits/s
total_size=26214448
out_time_us=215806259
out_time_ms=215806259
out_time=00:03:35.806259
dup_frames=0
drop_frames=0
speed=1.84x
progress=continue
frame=6503
fps=55.06
stream_0_0_q=24.0
bitrate= 967.8kbits/s
total_size=26214448
out_time_us=216700000
out_time_ms=216700000
out_time=00:03:36.700000
dup_frames=0
drop_frames=0
speed=1.83x
progress=continue
frame=6527
fps=55.02
stream_0_0_q=24.0
bitrate= 964.2kbits/s
total_size=26214448
out_time_us=217500000
out_time_ms=217500000
out_time=00:03:37.500000
dup_frames=0
drop_frames=0
speed=1.83x
progress=continue
frame=6553
fps=55.00
stream_0_0_q=24.0
bitrate= 961.0kbits/s
total_size=26214448
out_time_us=218221134
out_time_ms=218221134
out_time=00:03:38.221134
dup_frames=0
drop_frames=0
speed=1.83x
progress=continue
frame=6574
fps=54.94
stream_0_0_q=24.0
bitrate= 967.4kbits/s
total_size=26476592
out_time_us=218940952
out_time_ms=218940952
out_time=00:03:38.940952
dup_frames=0
drop_frames=0
speed=1.83x
progress=continue
frame=6601
fps=54.93
stream_0_0_q=24.0
bitrate= 963.4kbits/s
total_size=26476592
out_time_us=219869751
out_time_ms=219869751
out_time=00:03:39.869751
dup_frames=0
drop_frames=0
speed=1.83x
progress=continue
frame=6630
fps=54.94
stream_0_0_q=24.0
bitrate= 968.2kbits/s
total_size=26738736
out_time_us=220933333
out_time_ms=220933333
out_time=00:03:40.933333
dup_frames=0
drop_frames=0
speed=1.83x
progress=continue
frame=6660
fps=54.95
stream_0_0_q=24.0
bitrate= 973.3kbits/s
total_size=27000880
out_time_us=221933333
out_time_ms=221933333
out_time=00:03:41.933333
dup_frames=0
drop_frames=0
speed=1.83x
progress=continue
frame=6684
fps=54.91
stream_0_0_q=24.0
bitrate= 970.4kbits/s
total_size=27000880
out_time_us=222586485
out_time_ms=222586485
out_time=00:03:42.586485
dup_frames=0
drop_frames=0
speed=1.83x
progress=continue
frame=6711
fps=54.90
stream_0_0_q=24.0
bitrate= 985.1kbits/s
total_size=27525168
out_time_us=223538503
out_time_ms=223538503
out_time=00:03:43.538503
dup_frames=0
drop_frames=0
speed=1.83x
progress=continue
frame=6732
fps=54.84
stream_0_0_q=24.0
bitrate=1000.5kbits/s
total_size=28049456
out_time_us=224281542
out_time_ms=224281542
out_time=00:03:44.281542
dup_frames=0
drop_frames=0
speed=1.83x
progress=continue
frame=6754
fps=54.79
stream_0_0_q=24.0
bitrate=1016.3kbits/s
total_size=28573744
out_time_us=224931701
out_time_ms=224931701
out_time=00:03:44.931701
dup_frames=0
drop_frames=0
speed=1.82x
progress=continue
frame=6779
fps=54.76
stream_0_0_q=24.0
bitrate=1021.2kbits/s
total_size=28835888
out_time_us=225900000
out_time_ms=225900000
out_time=00:03:45.900000
dup_frames=0
drop_frames=0
speed=1.82x
progress=continue
frame=6808
fps=54.77
stream_0_0_q=24.0
bitrate=1016.8kbits/s
total_size=28835888
out_time_us=226866667
out_time_ms=226866667
out_time=00:03:46.866667
dup_frames=0
drop_frames=0
speed=1.83x
progress=continue
frame=6836
fps=54.77
stream_0_0_q=24.0
bitrate=1012.9kbits/s
total_size=28835888
out_time_us=227741315
out_time_ms=227741315
out_time=00:03:47.741315
dup_frames=0
drop_frames=0
speed=1.82x
progress=continue
frame=6863
fps=54.76
stream_0_0_q=24.0
bitrate=1008.9kbits/s
total_size=28835888
out_time_us=228646893
out_time_ms=228646893
out_time=00:03:48.646893
dup_frames=0
drop_frames=0
speed=1.82x
progress=continue
frame=6892
fps=54.76
stream_0_0_q=24.0
bitrate=1004.4kbits/s
total_size=28835888
out_time_us=229666667
out_time_ms=229666667
out_time=00:03:49.666667
dup_frames=0
drop_frames=0
speed=1.82x
progress=continue
frame=6921
fps=54.77
stream_0_0_q=24.0
bitrate=1000.5kbits/s
total_size=28835888
out_time_us=230574150
out_time_ms=230574150
out_time=00:03:50.574150
dup_frames=0
drop_frames=0
speed=1.82x
progress=continue
frame=6944
fps=54.72
stream_0_0_q=24.0
bitrate=1006.0kbits/s
total_size=29098032
out_time_us=231400000
out_time_ms=231400000
out_time=00:03:51.400000
dup_frames=0
drop_frames=0
speed=1.82x
progress=continue
frame=6974
fps=54.73
stream_0_0_q=24.0
bitrate=1001.7kbits/s
total_size=29098032
out_time_us=232400000
out_time_ms=232400000
out_time=00:03:52.400000
dup_frames=0
drop_frames=0
speed=1.82x
progress=continue
frame=7000
fps=54.71
stream_0_0_q=24.0
bitrate= 998.1kbits/s
total_size=29098032
out_time_us=233221224
out_time_ms=233221224
out_time=00:03:53.221224
dup_frames=0
drop_frames=0
speed=1.82x
progress=continue
frame=7027
fps=54.70
stream_0_0_q=24.0
bitrate= 994.2kbits/s
total_size=29098032
out_time_us=234150023
out_time_ms=234150023
out_time=00:03:54.150023
dup_frames=0
drop_frames=0
speed=1.82x
progress=continue
frame=7055
fps=54.70
stream_0_0_q=24.0
bitrate= 990.6kbits/s
total_size=29098032
out_time_us=234985941
out_time_ms=234985941
out_time=00:03:54.985941
dup_frames=0
drop_frames=0
speed=1.82x
progress=continue
frame=7082
fps=54.69
stream_0_0_q=24.0
bitrate= 995.3kbits/s
total_size=29360176
out_time_us=236000000
out_time_ms=236000000
out_time=00:03:56.000000
dup_frames=0
drop_frames=0
speed=1.82x
progress=continue
frame=7108
fps=54.67
stream_0_0_q=24.0
bitrate= 991.6kbits/s
total_size=29360176
out_time_us=236866667
out_time_ms=236866667
out_time=00:03:56.866667
dup_frames=0
drop_frames=0
speed=1.82x
progress=continue
frame=7136
fps=54.67
stream_0_0_q=24.0
bitrate= 987.7kbits/s
total_size=29360176
out_time_us=237800000
out_time_ms=237800000
out_time=00:03:57.800000
dup_frames=0
drop_frames=0
speed=1.82x
progress=continue
frame=7160
fps=54.64
stream_0_0_q=24.0
bitrate= 984.5kbits/s
total_size=29360176
out_time_us=238585034
out_time_ms=238585034
out_time=00:03:58.585034
dup_frames=0
drop_frames=0
speed=1.82x
progress=continue
frame=7182
fps=54.59
stream_0_0_q=24.0
bitrate= 981.8kbits/s
total_size=29360176
out_time_us=239235193
out_time_ms=239235193
out_time=00:03:59.235193
dup_frames=0
drop_frames=0
speed=1.82x
progress=continue
frame=7213
fps=54.61
stream_0_0_q=24.0
bitrate= 994.6kbits/s
total_size=29884464
out_time_us=240366667
out_time_ms=240366667
out_time=00:04:00.366667
dup_frames=0
drop_frames=0
speed=1.82x
progress=continue
frame=7242
fps=54.61
stream_0_0_q=24.0
bitrate= 990.6kbits/s
total_size=29884464
out_time_us=241333333
out_time_ms=241333333
out_time=00:04:01.333333
dup_frames=0
drop_frames=0
speed=1.82x
progress=continue
frame=7276
fps=54.66
stream_0_0_q=24.0
bitrate= 986.4kbits/s
total_size=29884464
out_time_us=242369887
out_time_ms=242369887
out_time=00:04:02.369887
dup_frames=0
drop_frames=0
speed=1.82x
progress=continue
frame=7307
fps=54.68
stream_0_0_q=24.0
bitrate= 982.4kbits/s
total_size=29884464
out_time_us=243368345
out_time_ms=243368345
out_time=00:04:03.368345
dup_frames=0
drop_frames=0
speed=1.82x
progress=continue
frame=7336
fps=54.68
stream_0_0_q=24.0
bitrate= 978.3kbits/s
total_size=29884464
out_time_us=244390023
out_time_ms=244390023
out_time=00:04:04.390023
dup_frames=0
drop_frames=0
speed=1.82x
progress=continue
frame=7359
fps=54.64
stream_0_0_q=24.0
bitrate= 992.7kbits/s
total_size=30408752
out_time_us=245063401
out_time_ms=245063401
out_time=00:04:05.063401
dup_frames=0
drop_frames=0
speed=1.82x
progress=continue
frame=7383
fps=54.61
stream_0_0_q=24.0
bitrate=1007.4kbits/s
total_size=30933040
out_time_us=245643900
out_time_ms=245643900
out_time=00:04:05.643900
dup_frames=0
drop_frames=0
speed=1.82x
progress=continue
frame=7408
fps=54.59
stream_0_0_q=21.0
bitrate=1025.0kbits/s
total_size=31981616
out_time_us=249614512
out_time_ms=249614512
out_time=00:04:09.614512
dup_frames=0
drop_frames=0
speed=1.84x
progress=continue
frame=7430
fps=54.55
stream_0_0_q=24.0
bitrate=1047.2kbits/s
total_size=32768048
out_time_us=250334331
out_time_ms=250334331
out_time=00:04:10.334331
dup_frames=0
drop_frames=0
speed=1.84x
progress=continue
frame=7465
fps=54.60
stream_0_0_q=24.0
bitrate=1058.9kbits/s
total_size=33292336
out_time_us=251518549
out_time_ms=251518549
out_time=00:04:11.518549
dup_frames=0
drop_frames=0
speed=1.84x
progress=continue
frame=7497
fps=54.62
stream_0_0_q=24.0
bitrate=1054.4kbits/s
total_size=33292336
out_time_us=252586667
out_time_ms=252586667
out_time=00:04:12.586667
dup_frames=0
drop_frames=0
speed=1.84x
progress=continue
frame=7531
fps=54.66
stream_0_0_q=24.0
bitrate=1049.8kbits/s
total_size=33292336
out_time_us=253701224
out_time_ms=253701224
out_time=00:04:13.701224
dup_frames=0
drop_frames=0
speed=1.84x
progress=continue
frame=7565
fps=54.71
stream_0_0_q=24.0
bitrate=1045.1kbits/s
total_size=33292336
out_time_us=254839002
out_time_ms=254839002
out_time=00:04:14.839002
dup_frames=0
drop_frames=0
speed=1.84x
progress=continue
frame=7602
fps=54.77
stream_0_0_q=24.0
bitrate=1040.1kbits/s
total_size=33292336
out_time_us=256069660
out_time_ms=256069660
out_time=00:04:16.069660
dup_frames=0
drop_frames=0
speed=1.84x
progress=continue
frame=7640
fps=54.84
stream_0_0_q=24.0
bitrate=1034.9kbits/s
total_size=33292336
out_time_us=257346757
out_time_ms=257346757
out_time=00:04:17.346757
dup_frames=0
drop_frames=0
speed=1.85x
progress=continue
frame=7680
fps=54.93
stream_0_0_q=24.0
bitrate=1029.6kbits/s
total_size=33292336
out_time_us=258670295
out_time_ms=258670295
out_time=00:04:18.670295
dup_frames=0
drop_frames=0
speed=1.85x
progress=continue
frame=7719
fps=55.00
stream_0_0_q=24.0
bitrate=N/A
total_size=33554480
out_time_us=N/A
out_time_ms=N/A
out_time=N/A
dup_frames=0
drop_frames=0
speed=N/A
progress=continue
frame=7767
fps=55.21
stream_0_0_q=-1.0
bitrate=1053.6kbits/s
total_size=34089203
out_time_us=258833333
out_time_ms=258833333
out_time=00:04:18.833333
dup_frames=0
drop_frames=0
speed=1.84x
progress=end
